#
# There is insufficient memory for the Java Runtime Environment to continue.
# Native memory allocation (malloc) failed to allocate 1048576 bytes. Error detail: AllocateHeap
# Possible reasons:
#   The system is out of physical RAM or swap space
#   This process is running with CompressedOops enabled, and the Java Heap may be blocking the growth of the native heap
# Possible solutions:
#   Reduce memory load on the system
#   Increase physical memory or swap space
#   Check if swap backing store is full
#   Decrease Java heap size (-Xmx/-Xms)
#   Decrease number of Java threads
#   Decrease Java thread stack sizes (-Xss)
#   Set larger code cache with -XX:ReservedCodeCacheSize=
#   JVM is running with Unscaled Compressed Oops mode in which the Java heap is
#     placed in the first 4GB address space. The Java Heap base address is the
#     maximum limit for the native heap growth. Please use -XX:HeapBaseMinAddress
#     to set the Java Heap base and to place the Java Heap above 4GB virtual address.
# This output file may be truncated or incomplete.
#
#  Out of Memory Error (allocation.cpp:44), pid=15852, tid=29976
#
# JRE version:  (21.0.10+7) (build )
# Java VM: OpenJDK 64-Bit Server VM (21.0.10+7-LTS, mixed mode, tiered, compressed oops, compressed class ptrs, parallel gc, windows-amd64)
# No core dump will be written. Minidumps are not enabled by default on client versions of Windows
#

---------------  S U M M A R Y ------------

Command Line: --add-modules=ALL-SYSTEM --add-opens=java.base/java.util=ALL-UNNAMED --add-opens=java.base/java.lang=ALL-UNNAMED --add-opens=java.base/sun.nio.fs=ALL-UNNAMED -Declipse.application=org.eclipse.jdt.ls.core.id1 -Dosgi.bundles.defaultStartLevel=4 -Declipse.product=org.eclipse.jdt.ls.core.product -Djava.import.generatesMetadataFilesAtProjectRoot=false -DDetectVMInstallationsJob.disabled=true -Dfile.encoding=utf8 -XX:+UseParallelGC -XX:GCTimeRatio=4 -XX:AdaptiveSizePolicyWeight=90 -Dsun.zip.disableMemoryMapping=true -Xmx2G -Xms100m -Xlog:disable -javaagent:c:\Users\ACER\.antigravity\extensions\redhat.java-1.54.0-win32-x64\lombok\lombok-1.18.39-4050.jar c:\Users\ACER\.antigravity\extensions\redhat.java-1.54.0-win32-x64\server\plugins\org.eclipse.equinox.launcher_1.7.100.v20251111-0406.jar -configuration c:\Users\ACER\AppData\Roaming\Antigravity\User\globalStorage\redhat.java\1.54.0\config_ss_win -data c:\Users\ACER\AppData\Roaming\Antigravity\User\workspaceStorage\78e685e00b4bce151f823889e1112d5b\redhat.java\ss_ws --pipe=\\.\pipe\lsp-168c8a0d768e6a0373466f601adf8acd-sock

Host: 11th Gen Intel(R) Core(TM) i5-11400H @ 2.70GHz, 12 cores, 7G,  Windows 11 , 64 bit Build 26100 (10.0.26100.8328)
Time: Mon May 18 16:00:11 2026 SE Asia Standard Time elapsed time: 4.188549 seconds (0d 0h 0m 4s)

---------------  T H R E A D  ---------------

Current thread (0x0000024d2c170b00):  JavaThread "Unknown thread" [_thread_in_vm, id=29976, stack(0x0000006191800000,0x0000006191900000) (1024K)]

Stack: [0x0000006191800000,0x0000006191900000]
Native frames: (J=compiled Java code, j=interpreted, Vv=VM code, C=native code)
V  [jvm.dll+0x6d7a39]
V  [jvm.dll+0x8b4b26]
V  [jvm.dll+0x8b70de]
V  [jvm.dll+0x8b77c3]
V  [jvm.dll+0x284346]
V  [jvm.dll+0xc1277]
V  [jvm.dll+0x70ba02]
V  [jvm.dll+0x70c73c]
V  [jvm.dll+0x6e65d3]
V  [jvm.dll+0x87f17c]
V  [jvm.dll+0x3c49fc]
V  [jvm.dll+0x867e6b]
V  [jvm.dll+0x457b31]
V  [jvm.dll+0x459721]
C  [jli.dll+0x52d0]
C  [ucrtbase.dll+0x37b0]
C  [KERNEL32.DLL+0x2e957]
C  [ntdll.dll+0x427c]


---------------  P R O C E S S  ---------------

Threads class SMR info:
_java_thread_list=0x0000024d2c190f80, length=1, elements={
0x0000024d2c170b00
}

Java Threads: ( => current thread )
=>0x0000024d2c170b00 JavaThread "Unknown thread"             [_thread_in_vm, id=29976, stack(0x0000006191800000,0x0000006191900000) (1024K)]
Total: 1

Other Threads:
  0x0000024d2c1d5c60 WatcherThread "VM Periodic Task Thread"        [id=29388, stack(0x0000006191a00000,0x0000006191b00000) (1024K)]
  0x0000024d2c187180 WorkerThread "GC Thread#0"                     [id=3064, stack(0x0000006191900000,0x0000006191a00000) (1024K)]
Total: 2

Threads with active compile tasks:
Total: 0

VM state: not at safepoint (normal execution)

VM Mutex/Monitor currently owned by a thread: None

Heap address: 0x0000000080000000, size: 2048 MB, Compressed Oops mode: 32-bit

CDS archive(s) not mapped
Compressed class space mapped at: 0x0000000100000000-0x0000000140000000, reserved size: 1073741824
Narrow klass base: 0x0000000000000000, Narrow klass shift: 3, Narrow klass range: 0x140000000

GC Precious Log:
 CardTable entry size: 512
 CPUs: 12 total, 12 available
 Memory: 7955M
 Large Page Support: Disabled
 NUMA Support: Disabled
 Compressed Oops: Enabled (32-bit)
 Alignments: Space 512K, Generation 512K, Heap 2M
 Heap Min Capacity: 100M
 Heap Initial Capacity: 100M
 Heap Max Capacity: 2G
 Pre-touch: Disabled
 Parallel Workers: 10

Heap:
 PSYoungGen      total 29696K, used 512K [0x00000000d5580000, 0x00000000d7680000, 0x0000000100000000)
  eden space 25600K, 2% used [0x00000000d5580000,0x00000000d5600070,0x00000000d6e80000)
  from space 4096K, 0% used [0x00000000d7280000,0x00000000d7280000,0x00000000d7680000)
  to   space 4096K, 0% used [0x00000000d6e80000,0x00000000d6e80000,0x00000000d7280000)
 ParOldGen       total 68608K, used 0K [0x0000000080000000, 0x0000000084300000, 0x00000000d5580000)
  object space 68608K, 0% used [0x0000000080000000,0x0000000080000000,0x0000000084300000)
 Metaspace       used 1381K, committed 1408K, reserved 1114112K
  class space    used 111K, committed 128K, reserved 1048576K

Card table byte_map: [0x0000024d2bae0000,0x0000024d2bef0000] _byte_map_base: 0x0000024d2b6e0000

Marking Bits: (ParMarkBitMap*) 0x00007ffdb1593450
 Begin Bits: [0x0000024d3e5f0000, 0x0000024d405f0000)
 End Bits:   [0x0000024d405f0000, 0x0000024d425f0000)

Polling page: 0x0000024d29f60000

Metaspace:

Usage:
  Non-class:      1.24 MB used.
      Class:    111.10 KB used.
       Both:      1.35 MB used.

Virtual space:
  Non-class space:       64.00 MB reserved,       1.25 MB (  2%) committed,  1 nodes.
      Class space:        1.00 GB reserved,     128.00 KB ( <1%) committed,  1 nodes.
             Both:        1.06 GB reserved,       1.38 MB ( <1%) committed. 

Chunk freelists:
   Non-Class:  12.00 MB
       Class:  15.75 MB
        Both:  27.75 MB

MaxMetaspaceSize: unlimited
CompressedClassSpaceSize: 1.00 GB
Initial GC threshold: 21.00 MB
Current GC threshold: 17179869184.00 GB
CDS: off
 - commit_granule_bytes: 65536.
 - commit_granule_words: 8192.
 - virtual_space_node_default_size: 8388608.
 - enlarge_chunks_in_place: 1.
 - use_allocation_guard: 0.


Internal statistics:

num_allocs_failed_limit: 0.
num_arena_births: 2.
num_arena_deaths: 0.
num_vsnodes_births: 2.
num_vsnodes_deaths: 0.
num_space_committed: 22.
num_space_uncommitted: 0.
num_chunks_returned_to_freelist: 0.
num_chunks_taken_from_freelist: 3.
num_chunk_merges: 0.
num_chunk_splits: 2.
num_chunks_enlarged: 0.
num_inconsistent_stats: 0.

CodeHeap 'non-profiled nmethods': size=120000Kb used=0Kb max_used=0Kb free=120000Kb
 bounds [0x0000024d36e10000, 0x0000024d37080000, 0x0000024d3e340000]
CodeHeap 'profiled nmethods': size=120000Kb used=0Kb max_used=0Kb free=120000Kb
 bounds [0x0000024d2f340000, 0x0000024d2f5b0000, 0x0000024d36870000]
CodeHeap 'non-nmethods': size=5760Kb used=199Kb max_used=348Kb free=5560Kb
 bounds [0x0000024d36870000, 0x0000024d36ae0000, 0x0000024d36e10000]
CodeCache: size=245760Kb, used=199Kb, max_used=348Kb, free=245560Kb
 total_blobs=70, nmethods=0, adapters=48, full_count=0
Compilation: enabled, stopped_count=0, restarted_count=0

Compilation events (0 events):
No events

GC Heap History (0 events):
No events

Dll operation events (2 events):
Event: 0.310 Loaded shared library c:\Users\ACER\.antigravity\extensions\redhat.java-1.54.0-win32-x64\jre\21.0.10-win32-x86_64\bin\java.dll
Event: 3.060 Loaded shared library c:\Users\ACER\.antigravity\extensions\redhat.java-1.54.0-win32-x64\jre\21.0.10-win32-x86_64\bin\zip.dll

Deoptimization events (0 events):
No events

Classes loaded (20 events):
Event: 3.147 Loading class java/util/Iterator
Event: 3.147 Loading class java/util/Iterator done
Event: 3.147 Loading class java/lang/reflect/RecordComponent
Event: 3.147 Loading class java/lang/reflect/RecordComponent done
Event: 3.147 Loading class jdk/internal/vm/vector/VectorSupport
Event: 3.147 Loading class jdk/internal/vm/vector/VectorSupport done
Event: 3.147 Loading class jdk/internal/vm/vector/VectorSupport$VectorPayload
Event: 3.147 Loading class jdk/internal/vm/vector/VectorSupport$VectorPayload done
Event: 3.147 Loading class jdk/internal/vm/vector/VectorSupport$Vector
Event: 3.147 Loading class jdk/internal/vm/vector/VectorSupport$Vector done
Event: 3.147 Loading class jdk/internal/vm/vector/VectorSupport$VectorMask
Event: 3.147 Loading class jdk/internal/vm/vector/VectorSupport$VectorMask done
Event: 3.147 Loading class jdk/internal/vm/vector/VectorSupport$VectorShuffle
Event: 3.147 Loading class jdk/internal/vm/vector/VectorSupport$VectorShuffle done
Event: 3.147 Loading class jdk/internal/vm/FillerObject
Event: 3.147 Loading class jdk/internal/vm/FillerObject done
Event: 3.173 Loading class java/lang/NullPointerException
Event: 3.173 Loading class java/lang/NullPointerException done
Event: 3.173 Loading class java/lang/ArithmeticException
Event: 3.173 Loading class java/lang/ArithmeticException done

Classes unloaded (0 events):
No events

Classes redefined (0 events):
No events

Internal exceptions (0 events):
No events

ZGC Phase Switch (0 events):
No events

VM Operations (0 events):
No events

Memory protections (0 events):
No events

Nmethod flushes (0 events):
No events

Events (1 events):
Event: 3.036 Thread 0x0000024d2c170b00 Thread added: 0x0000024d2c170b00


Dynamic libraries:
0x00007ff6799e0000 - 0x00007ff6799ee000 	c:\Users\ACER\.antigravity\extensions\redhat.java-1.54.0-win32-x64\jre\21.0.10-win32-x86_64\bin\java.exe
0x00007ffe80220000 - 0x00007ffe80487000 	C:\WINDOWS\SYSTEM32\ntdll.dll
0x00007ffe7f130000 - 0x00007ffe7f1f9000 	C:\WINDOWS\System32\KERNEL32.DLL
0x00007ffe7cd00000 - 0x00007ffe7d0f7000 	C:\WINDOWS\System32\KERNELBASE.dll
0x00007ffe7dce0000 - 0x00007ffe7de2b000 	C:\WINDOWS\System32\ucrtbase.dll
0x00007ffe641c0000 - 0x00007ffe641de000 	c:\Users\ACER\.antigravity\extensions\redhat.java-1.54.0-win32-x64\jre\21.0.10-win32-x86_64\bin\VCRUNTIME140.dll
0x00007ffe641e0000 - 0x00007ffe641f8000 	c:\Users\ACER\.antigravity\extensions\redhat.java-1.54.0-win32-x64\jre\21.0.10-win32-x86_64\bin\jli.dll
0x00007ffe7ef60000 - 0x00007ffe7f126000 	C:\WINDOWS\System32\USER32.dll
0x00007ffe7dcb0000 - 0x00007ffe7dcd7000 	C:\WINDOWS\System32\win32u.dll
0x00007ffe7fbd0000 - 0x00007ffe7fbfb000 	C:\WINDOWS\System32\GDI32.dll
0x00007ffe63080000 - 0x00007ffe63312000 	C:\WINDOWS\WinSxS\amd64_microsoft.windows.common-controls_6595b64144ccf1df_6.0.26100.8457_none_3e0b2faee331e92d\COMCTL32.dll
0x00007ffe7daf0000 - 0x00007ffe7dc1c000 	C:\WINDOWS\System32\gdi32full.dll
0x00007ffe7def0000 - 0x00007ffe7df93000 	C:\WINDOWS\System32\msvcp_win.dll
0x00007ffe7f200000 - 0x00007ffe7f2a9000 	C:\WINDOWS\System32\msvcrt.dll
0x00007ffe7e280000 - 0x00007ffe7e2b2000 	C:\WINDOWS\System32\IMM32.DLL
0x0000000077020000 - 0x000000007702d000 	C:\Program Files (x86)\360\Total Security\safemon\SafeWrapper.dll
0x00007ffe7fe20000 - 0x00007ffe7fed6000 	C:\WINDOWS\System32\ADVAPI32.dll
0x00007ffe7fb20000 - 0x00007ffe7fbc7000 	C:\WINDOWS\System32\sechost.dll
0x00007ffe7e410000 - 0x00007ffe7e528000 	C:\WINDOWS\System32\RPCRT4.dll
0x00007ffe75420000 - 0x00007ffe75525000 	C:\Program Files (x86)\360\Total Security\safemon\libzdtp64.dll
0x00007ffe7f3a0000 - 0x00007ffe7fb0e000 	C:\WINDOWS\System32\SHELL32.dll
0x00007ffe7fdb0000 - 0x00007ffe7fe16000 	C:\WINDOWS\System32\SHLWAPI.dll
0x00007ffe7d280000 - 0x00007ffe7daec000 	C:\WINDOWS\System32\Windows.Storage.dll
0x00007ffe7e530000 - 0x00007ffe7e8b3000 	C:\WINDOWS\System32\combase.dll
0x00007ffe7c570000 - 0x00007ffe7c57b000 	C:\WINDOWS\SYSTEM32\VERSION.dll
0x00007ffe77610000 - 0x00007ffe7761c000 	c:\Users\ACER\.antigravity\extensions\redhat.java-1.54.0-win32-x64\jre\21.0.10-win32-x86_64\bin\vcruntime140_1.dll
0x00007ffe64130000 - 0x00007ffe641bd000 	c:\Users\ACER\.antigravity\extensions\redhat.java-1.54.0-win32-x64\jre\21.0.10-win32-x86_64\bin\msvcp140.dll
0x00007ffdb08d0000 - 0x00007ffdb1671000 	c:\Users\ACER\.antigravity\extensions\redhat.java-1.54.0-win32-x64\jre\21.0.10-win32-x86_64\bin\server\jvm.dll
0x00007ffe7dfa0000 - 0x00007ffe7e020000 	C:\WINDOWS\System32\WS2_32.dll
0x00007ffe7cab0000 - 0x00007ffe7cb0e000 	C:\WINDOWS\SYSTEM32\POWRPROF.dll
0x00007ffe69100000 - 0x00007ffe69136000 	C:\WINDOWS\SYSTEM32\WINMM.dll
0x00007ffe7ca90000 - 0x00007ffe7caa4000 	C:\WINDOWS\SYSTEM32\UMPDC.dll
0x00007ffe7b970000 - 0x00007ffe7b98b000 	C:\WINDOWS\SYSTEM32\kernel.appcore.dll
0x00007ffe6ba30000 - 0x00007ffe6ba3a000 	c:\Users\ACER\.antigravity\extensions\redhat.java-1.54.0-win32-x64\jre\21.0.10-win32-x86_64\bin\jimage.dll
0x00007ffe7ac40000 - 0x00007ffe7ae82000 	C:\WINDOWS\SYSTEM32\DBGHELP.DLL
0x00007ffe7e040000 - 0x00007ffe7e119000 	C:\WINDOWS\System32\OLEAUT32.dll
0x00007ffe5dc80000 - 0x00007ffe5dcbb000 	C:\WINDOWS\SYSTEM32\dbgcore.DLL
0x00007ffe7cc50000 - 0x00007ffe7ccf8000 	C:\WINDOWS\System32\bcryptPrimitives.dll
0x00007ffe75670000 - 0x00007ffe7567f000 	c:\Users\ACER\.antigravity\extensions\redhat.java-1.54.0-win32-x64\jre\21.0.10-win32-x86_64\bin\instrument.dll
0x00007ffe63aa0000 - 0x00007ffe63ac0000 	c:\Users\ACER\.antigravity\extensions\redhat.java-1.54.0-win32-x64\jre\21.0.10-win32-x86_64\bin\java.dll
0x00007ffe63590000 - 0x00007ffe635a8000 	c:\Users\ACER\.antigravity\extensions\redhat.java-1.54.0-win32-x64\jre\21.0.10-win32-x86_64\bin\zip.dll

JVMTI agents:
c:\Users\ACER\.antigravity\extensions\redhat.java-1.54.0-win32-x64\lombok\lombok-1.18.39-4050.jar path:none, loaded, not initialized, instrumentlib options:none

dbghelp: loaded successfully - version: 4.0.5 - missing functions: none
symbol engine: initialized successfully - sym options: 0x614 - pdb path: .;c:\Users\ACER\.antigravity\extensions\redhat.java-1.54.0-win32-x64\jre\21.0.10-win32-x86_64\bin;C:\WINDOWS\SYSTEM32;C:\WINDOWS\WinSxS\amd64_microsoft.windows.common-controls_6595b64144ccf1df_6.0.26100.8457_none_3e0b2faee331e92d;C:\Program Files (x86)\360\Total Security\safemon;c:\Users\ACER\.antigravity\extensions\redhat.java-1.54.0-win32-x64\jre\21.0.10-win32-x86_64\bin\server

VM Arguments:
jvm_args: --add-modules=ALL-SYSTEM --add-opens=java.base/java.util=ALL-UNNAMED --add-opens=java.base/java.lang=ALL-UNNAMED --add-opens=java.base/sun.nio.fs=ALL-UNNAMED -Declipse.application=org.eclipse.jdt.ls.core.id1 -Dosgi.bundles.defaultStartLevel=4 -Declipse.product=org.eclipse.jdt.ls.core.product -Djava.import.generatesMetadataFilesAtProjectRoot=false -DDetectVMInstallationsJob.disabled=true -Dfile.encoding=utf8 -XX:+UseParallelGC -XX:GCTimeRatio=4 -XX:AdaptiveSizePolicyWeight=90 -Dsun.zip.disableMemoryMapping=true -Xmx2G -Xms100m -Xlog:disable -javaagent:c:\Users\ACER\.antigravity\extensions\redhat.java-1.54.0-win32-x64\lombok\lombok-1.18.39-4050.jar 
java_command: c:\Users\ACER\.antigravity\extensions\redhat.java-1.54.0-win32-x64\server\plugins\org.eclipse.equinox.launcher_1.7.100.v20251111-0406.jar -configuration c:\Users\ACER\AppData\Roaming\Antigravity\User\globalStorage\redhat.java\1.54.0\config_ss_win -data c:\Users\ACER\AppData\Roaming\Antigravity\User\workspaceStorage\78e685e00b4bce151f823889e1112d5b\redhat.java\ss_ws --pipe=\\.\pipe\lsp-168c8a0d768e6a0373466f601adf8acd-sock
java_class_path (initial): c:\Users\ACER\.antigravity\extensions\redhat.java-1.54.0-win32-x64\server\plugins\org.eclipse.equinox.launcher_1.7.100.v20251111-0406.jar
Launcher Type: SUN_STANDARD

[Global flags]
    uintx AdaptiveSizePolicyWeight                 = 90                                        {product} {command line}
     intx CICompilerCount                          = 4                                         {product} {ergonomic}
    uintx GCTimeRatio                              = 4                                         {product} {command line}
   size_t InitialHeapSize                          = 104857600                                 {product} {command line}
   size_t MaxHeapSize                              = 2147483648                                {product} {command line}
   size_t MaxNewSize                               = 715653120                                 {product} {ergonomic}
   size_t MinHeapDeltaBytes                        = 524288                                    {product} {ergonomic}
   size_t MinHeapSize                              = 104857600                                 {product} {command line}
   size_t NewSize                                  = 34603008                                  {product} {ergonomic}
    uintx NonNMethodCodeHeapSize                   = 5839372                                {pd product} {ergonomic}
    uintx NonProfiledCodeHeapSize                  = 122909434                              {pd product} {ergonomic}
   size_t OldSize                                  = 70254592                                  {product} {ergonomic}
    uintx ProfiledCodeHeapSize                     = 122909434                              {pd product} {ergonomic}
    uintx ReservedCodeCacheSize                    = 251658240                              {pd product} {ergonomic}
     bool SegmentedCodeCache                       = true                                      {product} {ergonomic}
   size_t SoftMaxHeapSize                          = 2147483648                             {manageable} {ergonomic}
     bool UseCompressedOops                        = true                           {product lp64_product} {ergonomic}
     bool UseLargePagesIndividualAllocation        = false                                  {pd product} {ergonomic}
     bool UseParallelGC                            = true                                      {product} {command line}

Logging:
Log output configuration:
 #0: stdout all=off uptime,level,tags foldmultilines=false
 #1: stderr all=off uptime,level,tags foldmultilines=false

Release file:
<release file has not been read>
Environment Variables:
JAVA_HOME=C:\Program Files\Microsoft\jdk-17.0.18.8-hotspot\
CLASSPATH=C:\Program Files (x86)\SAP\SAP Business One DI API\JCO\LIB\sbowrapper.jar;C:\Program Files (x86)\SAP\SAP Business One DI API\JCO\LIB\sboapi.jar
PATH=C:\Program Files\Microsoft\jdk-17.0.18.8-hotspot\bin;C:\Program Files\OpenSSL-Win64\bin;C:\Program Files (x86)\VMware\VMware Workstation\bin\;C:\php-8.2;C:\WINDOWS\system32;C:\WINDOWS;C:\WINDOWS\System32\Wbem;C:\WINDOWS\System32\WindowsPowerShell\v1.0\;C:\WINDOWS\System32\OpenSSH\;C:\Program Files\dotnet\;C:\Program Files\Git\cmd;C:\Program Files\Microsoft SQL Server\150\Tools\Binn\;C:\Program Files\Microsoft SQL Server\Client SDK\ODBC\170\Tools\Binn\;C:\Program Files\Docker\Docker\resources\bin;C:\Program Files\nodejs\;C:\Program Files (x86)\Microsoft SQL Server\160\Tools\Binn\;C:\Program Files\Microsoft SQL Server\160\Tools\Binn\;C:\Program Files\Microsoft SQL Server\160\DTS\Binn\;C:\Program Files (x86)\Microsoft SQL Server\160\DTS\Binn\;C:\ProgramData\ComposerSetup\bin;C:\Program Files\MySQL\MySQL Server 8.0\bin;C:\Program Files\MongoDB\Server\8.2\bin;C:\kubectl;C:\Program Files\Go\bin;C:\msys64\ucrt64\bin;C:\ProgramData\chocolatey\bin;C:\Users\ACER\AppData\Roaming\npm;C:\Program Files\cursor\resources\app\bin;C:\Program Files\OpenSSL-Win64\bin;C:\Program Files (x86)\VMware\VMware Workstation\bin\;C:\php-8.2;C:\WINDOWS\system32;C:\WINDOWS;C:\WINDOWS\System32\Wbem;C:\WINDOWS\System32\WindowsPowerShell\v1.0\;C:\WINDOWS\System32\OpenSSH\;C:\Program Files\dotnet\;C:\Program Files\Git\cmd;C:\Program Files\Microsoft SQL Server\150\Tools\Binn\;C:\Program Files\Microsoft SQL Server\Client SDK\ODBC\170\Tools\Binn\;C:\Program Files\Docker\Docker\resources\bin;C:\Program Files\nodejs\;C:\Program Files (x86)\Microsoft SQL Server\160\Tools\Binn\;C:\Program Files\Microsoft SQL Server\160\Tools\Binn\;C:\Program Files\Microsoft SQL Server\160\DTS\Binn\;C:\Program Files (x86)\Microsoft SQL Server\160\DTS\Binn\;C:\ProgramData\ComposerSetup\bin;C:\Program Files\MySQL\MySQL Server 8.0\bin;C:\Program Files\cursor\resources\app\bin;C:\Program Files\MongoDB\Server\8.2\bin;C:\kubectl;C:\Program Files\Go\bin;C:\msys64\ucrt64\bin;C:\Users\ACER\AppData\Local\Programs\oh-my-posh\bin\;C:\Users\ACER\AppData\Local\Microsoft\WindowsApps;C:\Users\;C:\Users\ACER\AppData\Local\Programs\Microsoft VS Code\bin;D:\Antigravity\bin
USERNAME=ACER
OS=Windows_NT
PROCESSOR_IDENTIFIER=Intel64 Family 6 Model 141 Stepping 1, GenuineIntel
TMP=C:\Users\ACER\AppData\Local\Temp
TEMP=C:\Users\ACER\AppData\Local\Temp




Periodic native trim disabled

---------------  S Y S T E M  ---------------

OS:
 Windows 11 , 64 bit Build 26100 (10.0.26100.8328)
OS uptime: 0 days 2:15 hours
Hyper-V role detected

CPU: total 12 (initial active 12) (6 cores per cpu, 2 threads per core) family 6 model 141 stepping 1 microcode 0x3c, cx8, cmov, fxsr, ht, mmx, 3dnowpref, sse, sse2, sse3, ssse3, sse4.1, sse4.2, popcnt, lzcnt, tsc, tscinvbit, avx, avx2, aes, erms, clmul, bmi1, bmi2, adx, avx512f, avx512dq, avx512cd, avx512bw, avx512vl, sha, fma, vzeroupper, avx512_vpopcntdq, avx512_vpclmulqdq, avx512_vaes, avx512_vnni, clflush, clflushopt, clwb, avx512_vbmi2, avx512_vbmi, hv, rdtscp, rdpid, fsrm, gfni, avx512_bitalg, f16c, cet_ibt, cet_ss, avx512_ifma
Processor Information for the first 12 processors :
  Max Mhz: 2688, Current Mhz: 2688, Mhz Limit: 2688

Memory: 4k page, system-wide physical 7955M (80M free)
TotalPageFile size 32531M (AvailPageFile size 174M)
current process WorkingSet (physical memory assigned to process): 19M, peak: 19M
current process commit charge ("private bytes"): 183M, peak: 192M

vm_info: OpenJDK 64-Bit Server VM (21.0.10+7-LTS) for windows-amd64 JRE (21.0.10+7-LTS), built on 2026-01-20T00:00:00Z by "admin" with MS VC++ 17.12 (VS2022)

END.
